******************************************************************************
               TMS320C6x Linker PC v6.1.15                     
******************************************************************************
>> Linked Thu Jan 18 15:52:40 2018

OUTPUT FILE NAME:   <RTDSP.out>
ENTRY POINT SYMBOL: "_c_int00"  address: 0000af80


MEMORY CONFIGURATION

         name            origin    length      used     unused   attr    fill
----------------------  --------  ---------  --------  --------  ----  --------
  IRAM                  00000000   00040000  0000c3a7  00033c59  RWIX
  SDRAM                 80000000   00800000  00000000  00800000  RWIX


SECTION ALLOCATION MAP

 output                                  attributes/
section   page    origin      length       input sections
--------  ----  ----------  ----------   ----------------
.vers      0    00000000    00000040     COPY SECTION
                  00000000    00000040     dsp_bios_cfg.obj (.vers)

.prd       0    00000000    00000000     UNINITIALIZED

.hwi_vec   0    00000000    00000200     
                  00000000    00000200     dsp_bios_cfg.obj (.hwi_vec)

.data      0    00000000    00000000     UNINITIALIZED

.bios      0    00000200    000041c0     
                  00000200    00000600     lnkrtdx.a67 : rtdx.o67 (.bios)
                  00000800    000005e0     bios.a67 : gbl_setL2CacheMode.o67 (.bios)
                  00000de0    00000540              : swi.o67 (.bios)
                  00001320    00000460              : hwi_disp_asm.o67 (.bios)
                  00001780    000003a0              : prd.o67 (.bios)
                  00001b20    000002c0              : knl_run.o67 (.bios)
                  00001de0    000002c0              : rta.o67 (.bios)
                  000020a0    000002c0              : sem_pend.o67 (.bios)
                  00002360    00000260              : knl_tick.o67 (.bios)
                  000025c0    00000240              : pip.o67 (.bios)
                  00002800    00000220              : sem_dopo.o67 (.bios)
                  00002a20    00000200              : tsk_setu.o67 (.bios)
                  00002c20    000001c0              : knl_swit.o67 (.bios)
                  00002de0    000001c0     biosC6000.a67 : clk.o67 (.bios)
                  00002fa0    000001a0     bios.a67 : tsk_exit.o67 (.bios)
                  00003140    00000180              : autoinit.o67 (.bios)
                  000032c0    00000180              : tsk_stup.o67 (.bios)
                  00003440    00000140              : knl_chec.o67 (.bios)
                  00003580    000000e0              : gbl_cslcacheinit.o67 (.bios)
                  00003660    000000e0              : knl_exit.o67 (.bios)
                  00003740    000000e0              : sem_post.o67 (.bios)
                  00003820    000000e0              : sem_post_asm.o67 (.bios)
                  00003900    000000e0     biosC6000.a67 : clk_meas.o67 (.bios)
                  000039e0    000000c0     bios.a67 : knl_ipos.o67 (.bios)
                  00003aa0    000000c0              : knl_post.o67 (.bios)
                  00003b60    000000c0              : lck.o67 (.bios)
                  00003c20    000000c0              : sys_exit.o67 (.bios)
                  00003ce0    000000c0     biosC6000.a67 : clk_htime.o67 (.bios)
                  00003da0    00000080     bios.a67 : fxn.o67 (.bios)
                  00003e20    00000080              : idl_busy.o67 (.bios)
                  00003ea0    00000080              : log.o67 (.bios)
                  00003f20    00000080              : sts.o67 (.bios)
                  00003fa0    00000080     biosC6000.a67 : idl_cal.o67 (.bios)
                  00004020    00000060     bios.a67 : hwi_c.o67 (.bios)
                  00004080    00000060              : sem_pend_counting.o67 (.bios)
                  000040e0    00000060              : sys_abor.o67 (.bios)
                  00004140    00000060              : utl_putc.o67 (.bios)
                  000041a0    00000060     biosC6000.a67 : clk_start.o67 (.bios)
                  00004200    00000040     bios.a67 : idl_stub.o67 (.bios)
                  00004240    00000040              : rta_andn.o67 (.bios)
                  00004280    00000040              : utl_doab.o67 (.bios)
                  000042c0    00000040     biosC6000.a67 : clk_stop.o67 (.bios)
                  00004300    00000020     bios.a67 : fxn_c.o67 (.bios)
                  00004320    00000020              : gbl_vers.o67 (.bios)
                  00004340    00000020              : idl.o67 (.bios)
                  00004360    00000020              : sts_set.o67 (.bios)
                  00004380    00000020              : utl_doer.o67 (.bios)
                  000043a0    00000020              : utl_halt.o67 (.bios)

.text      0    000043c0    00003be0     
                  000043c0    00000900     rts6700.lib : divd.obj (.text:__divd)
                  00004cc0    00000620                 : divf.obj (.text:__divf)
                  000052e0    00000480     dsk6713bslccsv4.lib : dsk6713.obj (.text)
                  00005760    00000400     intio.obj (.text)
                  00005b60    00000380     rts6700.lib : frcmpyd_div.obj (.text:__frcmpyd_div)
                  00005ee0    00000320                 : sin.obj (.text:_sin)
                  00006200    000002e0     dsk6713bslccsv4.lib : dsk6713_aic23_opencodec.obj (.text)
                  000064e0    00000240     rts6700.lib : memcpy62.obj (.text:_memcpy)
                  00006720    00000200     dsk6713bslccsv4.lib : helper_functions_polling.obj (.text)
                  00006920    000001c0     csl6713.lib : csl_irq.obj (.text:_IRQ_map)
                  00006ae0    000001a0                 : csl_mcbsp.obj (.text:_MCBSP_reset)
                  00006c80    00000180     bios.a67 : gbl_cslpllinit62.o67 (.text)
                  00006e00    00000180     dsk6713bslccsv4.lib : dsk6713_aic23_registers.obj (.text)
                  00006f80    00000140     rts6700.lib : strasg.obj (.text:__strasgi)
                  000070c0    00000120                 : sinit.obj (.text:_call_dtors)
                  000071e0    00000100     csl6713.lib : csl_mcbsp.obj (.text:_MCBSP_open)
                  000072e0    00000100                 : csl_mcbsp.obj (.text:_MCBSP_start)
                  000073e0    00000100     rts6700.lib : atexit.obj (.text:_atexit)
                  000074e0    000000e0                 : frcmpyf_div.obj (.text:__frcmpyf_div)
                  000075c0    000000e0                 : round.obj (.text:__nround)
                  000076a0    000000e0     dsk6713bslccsv4.lib : helper_functions_ISR.obj (.text)
                  00007780    000000c0     rts6700.lib : fixdu.obj (.text:__fixdu)
                  00007840    000000c0                 : modf.obj (.text:_modf)
                  00007900    000000c0     bios.a67 : tsk_stup.o67 (.text)
                  000079c0    000000c0     dsk6713bslccsv4.lib : dsk6713_aic23_setfreq.obj (.text)
                  00007a80    000000a0     csl6713.lib : csl_mcbsp.obj (.text:_MCBSP_close)
                  00007b20    000000a0     rts6700.lib : mpyll.obj (.text:__mpyll)
                  00007bc0    000000a0                 : remu.obj (.text:__remu)
                  00007c60    000000a0     csl6713.lib : csl_irq.obj (.text:_setMux)
                  00007d00    00000080     dsk6713bslccsv4.lib : dsk6713_aic23_closecodec.obj (.text)
                  00007d80    00000040     csl6713.lib : csl_irq.obj (.text:_IRQ_enable)
                  00007dc0    00000040     rts6700.lib : sinit.obj (.text:___add_dtor)
                  00007e00    00000040                 : divd.obj (.text:___isnan)
                  00007e40    00000040                 : divf.obj (.text:___isnanf)
                  00007e80    00000040                 : trunc.obj (.text:__trunc)
                  00007ec0    00000020     csl6713.lib : csl_irq.obj (.text:_IRQ_globalDisable)
                  00007ee0    00000020                 : csl_irq.obj (.text:_IRQ_globalEnable)
                  00007f00    00000020                 : csl_irq.obj (.text:_IRQ_nmiEnable)
                  00007f20    00000020     rts6700.lib : _lock.obj (.text:__nop)
                  00007f40    00000020                 : _lock.obj (.text:__register_lock)
                  00007f60    00000020                 : _lock.obj (.text:__register_unlock)
                  00007f80    00000020     csl6713.lib : csl_irq.obj (.text)

.cinit     0    00007fa0    00001064     
                  00007fa0    00000564     dsp_bios_cfg.obj (.cinit)
                  00008504    00000004     --HOLE-- [fill = 0]
                  00008508    0000026c     bios.a67 : biosdata.o67 (.cinit)
                  00008774    00000004     --HOLE-- [fill = 0]
                  00008778    000001a4              : knl.o67 (.cinit)
                  0000891c    00000004     --HOLE-- [fill = 0]
                  00008920    0000012c     csl6713.lib : csl_irq.obj (.cinit)
                  00008a4c    00000004     --HOLE-- [fill = 0]
                  00008a50    000000b0     bios.a67 : swi.o67 (.cinit)
                  00008b00    0000008c     intio.obj (.cinit)
                  00008b8c    00000004     --HOLE-- [fill = 0]
                  00008b90    00000070     bios.a67 : tsk.o67 (.cinit)
                  00008c00    00000060              : tsk_stup.o67 (.cinit)
                  00008c60    0000005c     lnkrtdx.a67 : rtdx.o67 (.cinit)
                  00008cbc    00000004     --HOLE-- [fill = 0]
                  00008cc0    00000054     csl6713.lib : csl_mcbsp.obj (.cinit)
                  00008d14    00000004     --HOLE-- [fill = 0]
                  00008d18    0000004c     bios.a67 : rta.o67 (.cinit)
                  00008d64    00000004     --HOLE-- [fill = 0]
                  00008d68    0000004c     rtdx.lib : buffer1.o62 (.cinit)
                  00008db4    00000004     --HOLE-- [fill = 0]
                  00008db8    00000048     rts6700.lib : sin.obj (.cinit)
                  00008e00    00000034     bios.a67 : hwi.o67 (.cinit)
                  00008e34    00000004     --HOLE-- [fill = 0]
                  00008e38    00000030     dsk6713bslccsv4.lib : dsk6713_aic23_registers.obj (.cinit)
                  00008e68    0000002c     bios.a67 : utl_putc.o67 (.cinit)
                  00008e94    00000004     --HOLE-- [fill = 0]
                  00008e98    0000002c     rts6700.lib : exit.obj (.cinit)
                  00008ec4    00000004     --HOLE-- [fill = 0]
                  00008ec8    00000028     dsk6713bslccsv4.lib : dsk6713_aic23_setfreq.obj (.cinit)
                  00008ef0    00000024     bios.a67 : obj_init.o67 (.cinit)
                  00008f14    00000004     --HOLE-- [fill = 0]
                  00008f18    0000001c              : sys.o67 (.cinit)
                  00008f34    00000004     --HOLE-- [fill = 0]
                  00008f38    0000001c     rts6700.lib : _lock.obj (.cinit)
                  00008f54    00000004     --HOLE-- [fill = 0]
                  00008f58    0000001c                 : atexit.obj (.cinit)
                  00008f74    00000004     --HOLE-- [fill = 0]
                  00008f78    00000018     bios.a67 : knl_tick.o67 (.cinit)
                  00008f90    00000010     rts6700.lib : divd.obj (.cinit)
                  00008fa0    00000010                 : divf.obj (.cinit)
                  00008fb0    0000000c     bios.a67 : gbl_setL2CacheMode.o67 (.cinit)
                  00008fbc    00000004     --HOLE-- [fill = 0]
                  00008fc0    0000000c              : idl_busy.o67 (.cinit)
                  00008fcc    00000004     --HOLE-- [fill = 0]
                  00008fd0    0000000c              : knl_swit.o67 (.cinit)
                  00008fdc    00000004     --HOLE-- [fill = 0]
                  00008fe0    0000000c     dsk6713bslccsv4.lib : helper_functions_polling.obj (.cinit)
                  00008fec    00000004     --HOLE-- [fill = 0]
                  00008ff0    0000000c     rts6700.lib : sinit.obj (.cinit)
                  00008ffc    00000004     --HOLE-- [fill = 0]
                  00009000    00000004     (.pad.cinit) [fill = 0]

.log       0    00009004    00000018     
                  00009004    00000018     dsp_bios_cfg.obj (.log)

.args      0    0000901c    00000004     
                  0000901c    00000004     --HOLE-- [fill = 0]

.rtdx_text 
*          0    00009020    00000ea0     
                  00009020    00000400     rtdx.lib : rtdx_mon.o62 (.rtdx_text:_RTDX_Poll)
                  00009420    00000340              : buffer1.o62 (.rtdx_text:_RTDX_Buffer_WriteCB)
                  00009760    00000300              : buffer1.o62 (.rtdx_text:_RTDX_write_next)
                  00009a60    00000140              : rtdx_mon.o62 (.rtdx_text:_RTDX_Mon_Queue)
                  00009ba0    000000e0              : buffer1.o62 (.rtdx_text:_claim)
                  00009c80    00000080              : rtdx_mon.o62 (.rtdx_text:_RTDX_Init_RT_Monitor)
                  00009d00    00000060              : buffer1.o62 (.rtdx_text:_RTDX_Buffer_Initialize)
                  00009d60    00000060              : buffer2.o62 (.rtdx_text:_RTDX_Buffer_ReadCB)
                  00009dc0    00000040              : buffer1.o62 (.rtdx_text:_RTDX_Buffer_Size)
                  00009e00    00000040              : rtdx_mon.o62 (.rtdx_text:_RTDX_Final_RT_Monitor)
                  00009e40    00000020              : buffer2.o62 (.rtdx_text:_RTDX_Buffer_Read)
                  00009e60    00000020              : buffer1.o62 (.rtdx_text:_RTDX_Buffer_Write)
                  00009e80    00000020              : rtdx_mon.o62 (.rtdx_text:_RTDX_checksum)
                  00009ea0    00000020              : intr_tgt.o62 (.rtdx_text)

.far       0    00009ec0    000009a0     UNINITIALIZED
                  00009ec0    00000428     intio.obj (.far)
                  0000a2e8    00000188     rts6700.lib : atexit.obj (.far)
                  0000a470    000000f4     csl6713.lib : csl_irq.obj (.far)
                  0000a564    000000d8     bios.a67 : knl.o67 (.far)
                  0000a63c    0000005c              : tsk.o67 (.far)
                  0000a698    00000054              : obj_init.o67 (.far)
                  0000a6ec    00000050              : tsk_stup.o67 (.far)
                  0000a73c    00000004     rts6700.lib : sinit.obj (.far)
                  0000a740    00000040                 : sin.obj (.far)
                  0000a780    00000038     csl6713.lib : csl_mcbsp.obj (.far)
                  0000a7b8    00000028     dsk6713bslccsv4.lib : dsk6713_aic23_registers.obj (.far)
                  0000a7e0    00000020     bios.a67 : sys.o67 (.far)
                  0000a800    00000020     dsk6713bslccsv4.lib : dsk6713_aic23_setfreq.obj (.far)
                  0000a820    00000010     bios.a67 : knl_tick.o67 (.far)
                  0000a830    0000000c              : utl_putc.o67 (.far)
                  0000a83c    0000000c     rts6700.lib : exit.obj (.far)
                  0000a848    00000008                 : _lock.obj (.far)
                  0000a850    00000008                 : divd.obj (.far)
                  0000a858    00000008                 : divf.obj (.far)

.rtdx_data 
*          0    0000a860    0000044c     UNINITIALIZED
                  0000a860    00000410     dsp_bios_cfg.obj (.rtdx_data)
                  0000ac70    00000020     rtdx.lib : buffer1.o62 (.rtdx_data)
                  0000ac90    0000001c              : rtdx_mon.o62 (.rtdx_data)

.hst1      0    0000acac    00000010     UNINITIALIZED
                  0000acac    00000010     dsp_bios_cfg.obj (.hst1)

.sysinit   0    0000acc0    00000420     
                  0000acc0    000002c0     dsp_bios_cfg.obj (.sysinit)
                  0000af80    000000c0     bios.a67 : boot.o67 (.sysinit)
                  0000b040    00000080              : tsk_init.o67 (.sysinit)
                  0000b0c0    00000020              : obj_init.o67 (.sysinit)

.TSK_idle$stk 
*          0    0000b0e0    00000400     UNINITIALIZED
                  0000b0e0    00000400     dsp_bios_cfg.obj (.TSK_idle$stk)

.stack     0    0000b4e0    00000400     UNINITIALIZED
                  0000b4e0    00000400     --HOLE--

.bss       0    0000b8e0    0000035a     UNINITIALIZED
                  0000b8e0    00000100     bios.a67 : hwi_disp_asm.o67 (.bss)
                  0000b9e0    000000cc              : biosdata.o67 (.bss)
                  0000baac    0000009c              : swi.o67 (.bss)
                  0000bb48    00000048              : knl.o67 (.bss)
                  0000bb90    0000001c     intio.obj (.bss)
                  0000bbac    00000018     bios.a67 : hwi.o67 (.bss)
                  0000bbc4    00000018     dsp_bios_cfg.obj (.bss)
                  0000bbdc    00000018     lnkrtdx.a67 : rtdx.o67 (.bss)
                  0000bbf4    00000010     rtdx.lib : buffer1.o62 (.bss)
                  0000bc04    0000000c     bios.a67 : tsk.o67 (.bss)
                  0000bc10    00000008              : clk_data.o67 (.bss)
                  0000bc18    00000008              : sys.o67 (.bss)
                  0000bc20    00000008     dsk6713bslccsv4.lib : dsk6713_aic23_opencodec.obj (.bss)
                  0000bc28    00000004     bios.a67 : clk_data2.o67 (.bss)
                  0000bc2c    00000004              : gbl_setL2CacheMode.o67 (.bss)
                  0000bc30    00000004              : idl_busy.o67 (.bss)
                  0000bc34    00000004     dsk6713bslccsv4.lib : helper_functions_polling.obj (.bss)
                  0000bc38    00000002                         : dsk6713.obj (.bss)

.trace     0    0000bc3c    00000200     
                  0000bc3c    00000200     --HOLE-- [fill = 00000000]

.tsk       0    0000be3c    00000060     UNINITIALIZED
                  0000be3c    00000060     dsp_bios_cfg.obj (.tsk)

.gblinit   0    0000be9c    00000040     
                  0000be9c    00000040     dsp_bios_cfg.obj (.gblinit)

.idl       0    0000bedc    00000010     UNINITIALIZED
                  0000bedc    00000010     dsp_bios_cfg.obj (.idl)

.idlcal    0    0000beec    00000010     UNINITIALIZED
                  0000beec    00000010     dsp_bios_cfg.obj (.idlcal)

.LOG_system$buf 
*          0    0000bf00    00000100     UNINITIALIZED
                  0000bf00    00000100     dsp_bios_cfg.obj (.LOG_system$buf)

.hst0      0    0000c000    00000100     UNINITIALIZED
                  0000c000    00000100     dsp_bios_cfg.obj (.hst0)

.const     0    0000c100    000000f9     
                  0000c100    0000004e     bios.a67 : tsk_stup.o67 (.const)
                  0000c14e    00000002     --HOLE-- [fill = 0]
                  0000c150    00000040     dsk6713bslccsv4.lib : dsk6713_aic23_opencodec.obj (.const)
                  0000c190    00000023     bios.a67 : utl_doab.o67 (.const)
                  0000c1b3    00000022              : utl_doer.o67 (.const)
                  0000c1d5    00000003     --HOLE-- [fill = 0]
                  0000c1d8    00000020     dsk6713bslccsv4.lib : dsk6713.obj (.const)
                  0000c1f8    00000001     bios.a67 : tsk.o67 (.const)

.printf    0    0000c1f9    0000003f     COPY SECTION
                  0000c1f9    0000003f     dsp_bios_cfg.obj (.printf)

.pip       0    0000c1fc    000000c8     UNINITIALIZED
                  0000c1fc    000000c8     dsp_bios_cfg.obj (.pip)

.hst       0    0000c2c4    0000003c     UNINITIALIZED
                  0000c2c4    0000003c     dsp_bios_cfg.obj (.hst)

.sts       0    0000c300    00000030     
                  0000c300    00000030     dsp_bios_cfg.obj (.sts)

.swi       0    0000c330    0000002c     UNINITIALIZED
                  0000c330    0000002c     dsp_bios_cfg.obj (.swi)

.switch    0    0000c35c    00000028     
                  0000c35c    00000028     rtdx.lib : rtdx_mon.o62 (.switch)

.sys       0    0000c384    00000010     UNINITIALIZED
                  0000c384    00000010     dsp_bios_cfg.obj (.sys)

.pinit     0    0000c394    0000000c     
                  0000c394    00000004     rtdx.lib : buffer1.o62 (.pinit)
                  0000c398    00000004              : rtdx_mon.o62 (.pinit)
                  0000c39c    00000004     --HOLE-- [fill = 0]

.trcdata   0    0000c3a0    0000000c     
                  0000c3a0    0000000c     bios.a67 : trc.o67 (.trcdata)

.clk       0    0000c3ac    00000008     UNINITIALIZED
                  0000c3ac    00000008     dsp_bios_cfg.obj (.clk)


GLOBAL SYMBOLS: SORTED ALPHABETICALLY BY Name 

address    name
--------   ----
0000b8e0   $bss
0000b8e0   .bss
00000000   .data
000043c0   .text
0000ae64   BIOS$$CLKOFF
0000ae24   BIOS$$CLKON
0000acc0   BIOS_init
0000aecc   BIOS_start
00000000   BUF$
00000001   BUF_ENABLED
00000001   CLK$
0000c3ac   CLK_A_TABBEG
00000001   CLK_CALDIV
00000004   CLK_CALMULT
0000dbba   CLK_COUNTSPMS
00000000   CLK_COUNTSPMSHIGH
0000ba08   CLK_D_idletime
0000ba04   CLK_D_isrhook
0000ba00   CLK_D_tabbeg
0000b9fc   CLK_D_timefxn
00003ce0   CLK_F_getfhtime
00003d00   CLK_F_gethtime
00002de0   CLK_F_getltime
00003d00   CLK_F_getshtime
00002df4   CLK_F_isr
00002f54   CLK_F_itime
00001320   CLK_HOOKFXN
00000001   CLK_HTIMEDIV
00000004   CLK_HTIMEMULT
0000dbba   CLK_HTIMEPERLTIME
00004000   CLK_INTBIT
00000001   CLK_LTIMEDIV
00036ee8   CLK_LTIMEMULT
000003e8   CLK_MICROSECS
0000dbba   CLK_PRD
00000000   CLK_PRDHIGH
01940000   CLK_REGS
0000b9f8   CLK_R_time
00000020   CLK_TCR
00000000   CLK_TDDR
00000000   CLK_TDDRHIGH
00003d00   CLK_TIMEFXN
00000000   CLK_TIMERNUM
00000001   CLK_USETIMER
0000c3b0   CLK_null
00000000   DEV$
00000000   DGN$
00000000   DHL$
00000000   DHL_gChannelsAvailable
00000000   DIO$
00000000   DIO_NUMSWIBASE
00000000   DIO_NUMTSKBASE
00000000   DIO_STATIC
00000000   DPI$
00003da0   FXN_F_nop
00003da8   FXN_F_run
00003df8   FXN_F_zero
00000001   GBL$
00005205   GBL_A_VERSION
00000000   GBL_BIGENDIAN
00000000   GBL_C641XL2PRIORITY
00000000   GBL_CACHE
00000001   GBL_CALLCSLCFGINIT
00004e20   GBL_CLKIN
00001770   GBL_CLKTYPE
00001a39   GBL_DSPSUBTYPE
0000003e   GBL_DSPTYPE
00000001   GBL_ENABLEINST
00000042   GBL_FOOTPRINT
00036ee8   GBL_FREQ
00002226   GBL_L2ALLOC
00000000   GBL_L2CONFIGALLOC
00000001   GBL_L2CONFIGURE
00000001   GBL_L2MARMASK
00000000   GBL_L2MARMASK1
00000000   GBL_L2MARMASK2
00000000   GBL_L2MARMASK3
00000000   GBL_L2MARMASK4
00000000   GBL_L2MARMASK5
00000000   GBL_L2MODE
00000000   GBL_L2PRIORITY
00000000   GBL_NULL
00000000   GBL_PROCID
00000000   GBL_ROM
00000000   GBL_SUPPORTCSL
0000dbef   GBL_TRCMASKVALUE
00000001   GBL_USERINIT
00006ca8   GBL_USERINITFXN
00000001   GBL_boot
0000c3a8   GBL_initdone
0000b4e0   GBL_stackbeg
0000b8df   GBL_stackend
00000000   GIO$
00004300   GIO_CREATEFXN
00004300   GIO_DELETEFXN
00004300   GIO_PENDFXN
00004300   GIO_POSTFXN
00000000   HOOK$
00000000   HOOK_KNLID
00000001   HST$
0000c2c4   HST_A_TABBEG
0000c300   HST_A_TABEND
00000000   HST_DSM
ffffffff   HST_DSMBUFSEG
00000400   HST_DSMMEMSIZE
0000ba74   HST_D_chanmask
0000ba78   HST_D_tabbeg
0000ba7c   HST_D_tabend
000000ff   HST_MAXFRAMEALLOWED
00000040   HST_MAXFRAMESET
00000000   HST_NONE
00000001   HST_RTDX
00000001   HWI$
00000000   HWI_A_VECS
00004018   HWI_CFGDISPATCHED
0000bbbc   HWI_D_bss
0000bbc0   HWI_D_ccmask
0000bbac   HWI_D_spsave
00001320   HWI_F_dispatch
00000000   HWI_GENERATE_RESET_VEC
0000000a   HWI_INT10
00000000   HWI_INT10$hwi
0000000b   HWI_INT11
00000000   HWI_INT11$hwi
0000000c   HWI_INT12
00000000   HWI_INT12$hwi
0000000d   HWI_INT13
00000000   HWI_INT13$hwi
0000000e   HWI_INT14
00000000   HWI_INT14$hwi
0000000f   HWI_INT15
00000000   HWI_INT15$hwi
00000004   HWI_INT4
00000000   HWI_INT4$hwi
00000005   HWI_INT5
00000000   HWI_INT5$hwi
00000006   HWI_INT6
00000000   HWI_INT6$hwi
00000007   HWI_INT7
00000000   HWI_INT7$hwi
00000008   HWI_INT8
00000000   HWI_INT8$hwi
00000009   HWI_INT9
00000000   HWI_INT9$hwi
082039a3   HWI_INTRMULTHIGH
310718ae   HWI_INTRMULTLOW
00000001   HWI_NMI
00000000   HWI_NMI$hwi
00000000   HWI_POLARITYMASK
00000002   HWI_RESERVED0
00000000   HWI_RESERVED0$hwi
00000003   HWI_RESERVED1
00000000   HWI_RESERVED1$hwi
00000000   HWI_RESET
00000000   HWI_RESET$hwi
00000001   HWI_ZEROTAB
00000001   IDL$
0000beec   IDL_A_CALBEG
0000bedc   IDL_A_TABBEG
00000006   IDL_CALIBRERROR
00004200   IDL_CALIBRFXN
0000bc30   IDL_D_busyObj
0000b9e8   IDL_D_calbeg
0000b9e4   IDL_D_calibrate
0000b9e0   IDL_D_tabbeg
0000bee8   IDL_END
0000bef8   IDL_END$
00003e20   IDL_F_busy
00003fa0   IDL_F_calibrate
00004340   IDL_F_loop
00004200   IDL_F_stub
00000001   IDL_USECLKIDLTIME
0000c324   IDL_busyObj
0000c233   IDL_busyObj$avgfmt
00000001   IDL_busyObj$filter
00000001   IDL_busyObj$iA
00000000   IDL_busyObj$iB
00000001   IDL_busyObj$iC
0000c22d   IDL_busyObj$maxfmt
00000000   IDL_busyObj$operation
0000c320   IDL_busyObj$stsobj
0000c230   IDL_busyObj$sumfmt
00000002   IDL_busyObj$unittype
0000bedc   IDL_cpuLoad
0000beec   IDL_cpuLoad$
ffffffff   IRAM
00000001   ISRC$
00002da0   KNL_glue
0000c330   KNL_swi
00000001   KNL_swi$dorta
00000000   KNL_swi$ord
00000000   KNL_swi$pri
0000c304   KNL_swi$sts
0000c209   KNL_swi$sts$avgfmt
00000002   KNL_swi$sts$filter
00000001   KNL_swi$sts$filtmaxmult
00000001   KNL_swi$sts$filtsummult
0000c1f9   KNL_swi$sts$maxfmt
0000c300   KNL_swi$sts$stsobj
0000c201   KNL_swi$sts$sumfmt
00000000   KNL_swi$sts$unittype
00000000   KNL_swi$swi
00000001   LCK$
00000200   LNK_F_checkBufferCall
00000280   LNK_F_dataPump
00000220   LNK_F_getChanPtr
00000278   LNK_F_init
000007c4   LNK_F_readCallBack
0000bee0   LNK_dataPump
0000bef0   LNK_dataPump$
0000bbe0   LNK_dspFrameReadyMask
0000bbdc   LNK_dspFrameRequestMask
00000520   LNK_newin
00000660   LNK_newout
00000294   LNK_rcloop
00000360   LNK_rdrtry
0000bbe8   LNK_readDone
0000bbec   LNK_readFail
0000bbe4   LNK_readPend
00000370   LNK_rrloop
0000bbf0   LNK_writeFail
00000444   LNK_wrloop
00000434   LNK_wrrtry
00000001   LOG$
00009004   LOG_A_TABBEG
0000901c   LOG_A_TABEND
00000001   LOG_A_TABLEN
0000b9ec   LOG_D_system
00000001   LOG_ENABLED
00003ea0   LOG_F_event
00009004   LOG_system
0000bf00   LOG_system$buf
00000000   LOG_system$datatype
00000000   LOG_system$log
00000040   LOG_system$size
00000000   MBX$
00000001   MEM$
00000000   MEM_MALLOCSEG
00000000   MEM_NULL
00000000   MEM_SEGZERO
00000000   MEM_USEMPC
00000000   MEM_gNumHeap
00000000   MSGQ$
00000000   MSGQ_USEMSGQ
00000000   OBJ$
00000000   PIP$
0000c1fc   PIP_A_TABBEG
0000c2c4   PIP_A_TABEND
00000002   PIP_A_TABLEN
0000b9f0   PIP_D_tabbeg
0000b9f4   PIP_D_tablen
00002654   PIP_F_give
00002654   PIP_F_probe
00002728   PIP_F_start
000025c0   PIP_F_take
00000064   PIP_OBJSIZE
00000000   PIP_gNextId
00000002   PIP_gNumEmbed
00000000   POOL$
00000000   POOL_USEPOOL
00000001   PRD$
00000000   PRD_A_TABBEG
00000000   PRD_A_TABEND
00000000   PRD_A_TABLEN
0000ba30   PRD_D_cur
0000ba34   PRD_D_elapsed
0000ba38   PRD_D_prevtim
0000ba3c   PRD_D_scalar
0000ba40   PRD_D_swihandle
0000ba44   PRD_D_tabbeg
0000ba48   PRD_D_tablen
0000ba4c   PRD_D_thook
0000ba2c   PRD_D_tick
00001780   PRD_F_swi
00001a40   PRD_F_tick
00004000   PRD_SCALAR
00000000   PRD_SWIHANDLE
000025a0   PRD_THOOKFXN
0000c3ac   PRD_clock
00000001   QUE$
0000ba50   RTA_D_fromHost
0000ba58   RTA_D_logval
0000ba68   RTA_D_stsval
0000ba54   RTA_D_toHost
00004240   RTA_F_andn
00001ed8   RTA_F_dispatch
00001de0   RTA_F_getlog
00001e24   RTA_F_getsts
00004260   RTA_F_or
00001e6c   RTA_F_readblk
00001e98   RTA_F_resetmem
00001e8c   RTA_F_writeword
0000bee4   RTA_dispatcher
0000bef4   RTA_dispatcher$
00001f28   RTA_execute
0000c2c8   RTA_fromHost
0000acac   RTA_fromHost$buf
00000004   RTA_fromHost$framesize
00000000   RTA_fromHost$hst
00000001   RTA_fromHost$id
00000000   RTA_fromHost$mode
0000c1fc   RTA_fromHost$pipe
0000c22c   RTA_fromHost$pipe$aaa
0000c25c   RTA_fromHost$pipe$bbb
0000bbc4   RTA_fromHost$pipe$dtab
0000c200   RTA_fromHost$pipe$rd
0000c230   RTA_fromHost$pipe$wr
0000c2d0   RTA_fromHost$rtdx
0000c2e4   RTA_toHost
0000c000   RTA_toHost$buf
00000040   RTA_toHost$framesize
00000000   RTA_toHost$hst
00000000   RTA_toHost$id
00000001   RTA_toHost$mode
0000c260   RTA_toHost$pipe
0000c290   RTA_toHost$pipe$aaa
0000c2c0   RTA_toHost$pipe$bbb
0000bbd0   RTA_toHost$pipe$dtab
0000c264   RTA_toHost$pipe$rd
0000c294   RTA_toHost$pipe$wr
0000c2ec   RTA_toHost$rtdx
00000001   RTDX$
00000408   RTDX_BUFMEMSIZE
ffffffff   RTDX_DATAMEMSEG
00000000   RTDX_MODE
00000001   RTDX_NORMALIZED_HDR
00000001   RTDX_USERTDX
00000000   RTDX_USERTEXECUTION
ffffffff   SDRAM
00000000   SEM$
00000000   SIO$
00000001   STS$
0000c300   STS_A_TABBEG
0000c330   STS_A_TABEND
00003f58   STS_F_add
00003f20   STS_F_delta
00003f84   STS_F_reset
00000001   SWI$
0000c330   SWI_A_TABBEG
0000c35c   SWI_A_TABEND
00000001   SWI_A_TABLEN
0000bac4   SWI_D_curfxn
0000bab4   SWI_D_curmask
0000bac0   SWI_D_curmbox
0000bab8   SWI_D_curset
0000bab0   SWI_D_execaddr
0000bacc   SWI_D_inswi
0000babc   SWI_D_lock
0000bac8   SWI_D_rdybeg
0000bad0   SWI_D_rdytab
0000baac   SWI_D_runaddr
00000000   SWI_EHOOKFXN
00000ffc   SWI_EXECFXN
00000de0   SWI_F_enable
00000ffc   SWI_F_exec
00001028   SWI_F_iexec
00000e50   SWI_F_post
000010b8   SWI_F_run
00000000   SWI_IHOOKFXN
000010b8   SWI_RUNFXN
00000001   SYS$
0000c384   SYS$config
00004280   SYS_ABORTFXN
00004380   SYS_ERRORFXN
000043a0   SYS_EXITFXN
00004140   SYS_PUTCFXN
0000c3a4   TRC_R_mask
0000c3a0   TRC_cinit
00000001   TSK$
00000000   TSK_NUM_HOOKS
00000001   TSK_PRIORITY
00000000   TSK_READYFXN
00000000   TSK_STACKSEG
00000400   TSK_STACKSIZE
00000000   TSK_SWITCHFXN
00004300   TSK_VCREATEFXN
00004300   TSK_VDELETEFXN
00004300   TSK_VEXITFXN
0000be48   TSK_idle
00000000   TSK_idle$ord
00000000   TSK_idle$pri
0000b0e0   TSK_idle$stack
0000b478   TSK_idle$stkptr
0000c314   TSK_idle$sts
0000c223   TSK_idle$sts$avgfmt
00000002   TSK_idle$sts$filter
00000001   TSK_idle$sts$filtmaxmult
00000001   TSK_idle$sts$filtsummult
0000c213   TSK_idle$sts$maxfmt
0000c310   TSK_idle$sts$stsobj
0000c21b   TSK_idle$sts$sumfmt
00000000   TSK_idle$sts$unittype
00000000   TSK_idle$tsk
00000000   UDEV$
0000acc0   _BIOS_init
0000aecc   _BIOS_start
0000dbba   _CLK_COUNTSPMS
0000bc10   _CLK_DFLTMICROSECS
0000ba28   _CLK_D_countspms
0000ba1c   _CLK_D_dirty
0000bc14   _CLK_D_microseconds
0000ba20   _CLK_D_prd
0000ba24   _CLK_D_tddr
00002f54   _CLK_F_itime
0000dbba   _CLK_PRD
01940000   _CLK_REGS
00000000   _CLK_TDDR
00000000   _CLK_TIMERNUM
00000001   _CLK_USETIMER
0000ba0c   _CLK_htimeDiv
0000ba10   _CLK_htimeMult
0000bc28   _CLK_htimePerLtime
00002f54   _CLK_itime
0000ba14   _CLK_ltimeDiv
0000ba18   _CLK_ltimeMult
00003900   _CLK_measure
000041a0   _CLK_start
000042c0   _CLK_stop
00009ec0   _Config
00007d00   _DSK6713_AIC23_closeCodec
0000bc20   _DSK6713_AIC23_codeccontrolhandle
0000bc24   _DSK6713_AIC23_codecdatahandle
00006eec   _DSK6713_AIC23_config
00006200   _DSK6713_AIC23_openCodec
00006ec8   _DSK6713_AIC23_rget
00006e00   _DSK6713_AIC23_rset
000079c0   _DSK6713_AIC23_setFreq
00005460   _DSK6713_getVersion
000054b0   _DSK6713_init
000053cc   _DSK6713_rget
000053b8   _DSK6713_rset
0000bc38   _DSK6713_version
000052e0   _DSK6713_wait
00005384   _DSK6713_waitusec
00004300   _FXN_F_nop
00003da8   _FXN_F_run
00003df8   _FXN_F_zero
00000000   _GBL_CACHE
0000ba84   _GBL_clkIn
00003580   _GBL_cslCacheInit
0000ba88   _GBL_freq
00004320   _GBL_getVersion
0000ba80   _GBL_procId
00006ca8   _GBL_setPLLto225MHz
0000c2c4   _HST_A_TABBEG
0000c300   _HST_A_TABEND
00004018   _HWI_CFGDISPATCHED
0000bbb8   _HWI_D_inhwi
0000bbac   _HWI_D_spsave
00001320   _HWI_F_dispatch
0000000a   _HWI_INT10
0000000b   _HWI_INT11
0000000c   _HWI_INT12
0000000d   _HWI_INT13
0000000e   _HWI_INT14
0000000f   _HWI_INT15
00000004   _HWI_INT4
00000005   _HWI_INT5
00000006   _HWI_INT6
00000007   _HWI_INT7
00000008   _HWI_INT8
00000009   _HWI_INT9
00000001   _HWI_NMI
00000002   _HWI_RESERVED0
00000003   _HWI_RESERVED1
00000000   _HWI_RESET
0000b8d8   _HWI_STKBOTTOM
0000b4e0   _HWI_STKTOP
0000bbac   _HWI_data
00004020   _HWI_disable
0000b8e0   _HWI_dispatchTab
00004038   _HWI_enable
0000404c   _HWI_restore
0000bb90   _H_Codec
0000c324   _IDL_busyObj
0000bedc   _IDL_cpuLoad
00004340   _IDL_loop
ffffffff   _IRAM
00007d80   _IRQ_enable
00007ec0   _IRQ_globalDisable
00007ee0   _IRQ_globalEnable
00006920   _IRQ_map
00007f00   _IRQ_nmiEnable
00005a78   _ISR_AIC
0000bb50   _KNL_alarm
00003440   _KNL_check
0000bb74   _KNL_curqueue
0000bb64   _KNL_curtask
0000bb6c   _KNL_curtime
0000a604   _KNL_dummy
000036b4   _KNL_enter
00003660   _KNL_exit
00003518   _KNL_idle
0000bb8c   _KNL_idlefxn
0000bb58   _KNL_inactive
000039e0   _KNL_ipost
0000353c   _KNL_max
0000bb78   _KNL_maxqueue
00003aa0   _KNL_post
0000bb68   _KNL_prevtask
0000bb5c   _KNL_priority
0000a564   _KNL_queues
00001b20   _KNL_run
00002c20   _KNL_saveIsrFrame
0000bb60   _KNL_set
0000bb54   _KNL_setpri
0000c330   _KNL_swi
0000bb70   _KNL_swiptr
00002cec   _KNL_switch
0000bb80   _KNL_tcreatefxn
0000bb84   _KNL_tdeletefxn
000025a0   _KNL_tick
0000bb88   _KNL_treadyfxn
0000bb7c   _KNL_tswitchfxn
0000bb48   _KNL_wFlag
0000bb4c   _KNL_wList
00003b90   _LCK_pend
00003b60   _LCK_post
0000bee0   _LNK_dataPump
0000bbe0   _LNK_dspFrameReadyMask
0000bbdc   _LNK_dspFrameRequestMask
0000bbe8   _LNK_readDone
0000bbec   _LNK_readFail
0000bbe4   _LNK_readPend
0000bbf0   _LNK_writeFail
00009004   _LOG_A_TABBEG
0000901c   _LOG_A_TABEND
00000001   _LOG_A_TABLEN
0000b9ec   _LOG_D_system
00003ea0   _LOG_event
00009004   _LOG_system
0000bba0   _L_Gain
00007a80   _MCBSP_close
000071e0   _MCBSP_open
00006ae0   _MCBSP_reset
000072e0   _MCBSP_start
0000ba8c   _MEM_D_NUMSEGMENTS
0000ba94   _MEM_D_freelist
0000ba98   _MEM_D_lockaddr
0000ba90   _MEM_D_memtab
0000ba9c   _MEM_D_unlockaddr
00000000   _MEM_memtab
0000b0c0   _OBJ_init
0000a6d0   _OBJ_segtab
0000a698   _OBJ_table
0000c1fc   _PIP_A_TABBEG
0000c2c4   _PIP_A_TABEND
0000ba2c   _PRD_D_tick
0000c3ac   _PRD_clock
0000bee4   _RTA_dispatcher
0000c2c8   _RTA_fromHost
0000c2e4   _RTA_toHost
0000a860   _RTDX_Buffer
0000ac6c   _RTDX_Buffer_End
00009d00   _RTDX_Buffer_Initialize
00009e40   _RTDX_Buffer_Read
00009d60   _RTDX_Buffer_ReadCB
00009dc0   _RTDX_Buffer_Size
0000ac68   _RTDX_Buffer_Start
00009e60   _RTDX_Buffer_Write
00009420   _RTDX_Buffer_WriteCB
00009e00   _RTDX_Final_RT_Monitor
00009c80   _RTDX_Init_RT_Monitor
00000002   _RTDX_JTAGONLY
00009ea0   _RTDX_Mask_IER
00009a60   _RTDX_Mon_Queue
00009020   _RTDX_Poll
00000000   _RTDX_interrupt_mask
0000ac7c   _RTDX_writing
0000bba4   _R_Gain
ffffffff   _SDRAM
00004080   _SEM_pend
000020a0   _SEM_pendEnterKnl
00003820   _SEM_post
00003820   _SEM_postBinary
00003740   _SEM_postEnterKnl
0000c300   _STS_A_TABBEG
0000c330   _STS_A_TABEND
00003f58   _STS_add
00003f20   _STS_delta
00003f84   _STS_reset
00004360   _STS_set
0000bac4   _SWI_D_curfxn
0000bab4   _SWI_D_curmask
0000bab8   _SWI_D_curset
0000bab0   _SWI_D_execaddr
0000bacc   _SWI_D_inswi
0000babc   _SWI_D_lock
0000bac8   _SWI_D_rdybeg
0000baac   _SWI_D_runaddr
0000baac   _SWI_data
00000e50   _SWI_post
0000baa0   _SYS
0000bc3c   _SYS_PUTCBEG
0000be3b   _SYS_PUTCEND
000040e0   _SYS_abort
00003c20   _SYS_exit
0000a7e0   _SYS_exitStack
0000bc18   _SYS_exitStackPtr
0000bc1c   _SYS_exitStackTop
0000c3a4   _TRC_R_mask
0000bc0c   _TSK
0000a63c   _TSK_ATTRS
0000a658   _TSK_config
00002fa0   _TSK_exit
0000be48   _TSK_idle
0000b040   _TSK_init
0000bc04   _TSK_nTasks
0000bc08   _TSK_pid
00002a20   _TSK_setup
00003380   _TSK_startup
0000a678   _TSK_timerSem
00004280   _UTL_doAbort
00004380   _UTL_doError
00004140   _UTL_doPutc
000043a0   _UTL_halt
00002f70   __CLK_lat1beg
00002f9c   __CLK_lat1end
00000c34   __GBL_setL2CacheMode
0000baa8   __HOOK_NUMHOOKS
0000baa4   __HOOK_knlId
00001320   __HWI_lat1beg
000014a0   __HWI_lat1end
000014a0   __HWI_lat2beg
00001640   __HWI_lat2end1
000015cc   __HWI_lat2end2
00001660   __HWI_lat3beg
00001760   __HWI_lat3end1
000015fc   __HWI_lat3end2
00003e20   __IDL_lat1beg
00003e70   __IDL_lat1end
0000a55c   __IRQ_dispatchTable
0000a498   __IRQ_eventTable
00007f80   __IRQ_hookFetchPacket
0000a51c   __IRQ_intTable
00003490   __KNL_lat1beg
00003518   __KNL_lat1end
00003ea0   __LOG_lat1beg
0000a7b0   __MCBSP_hDev0
0000a7b4   __MCBSP_hDev1
0000a714   __MEM_mutex
00001e98   __RTA_lat1beg
00001ed0   __RTA_lat1end
00002800   __SEM_dopost
00000400   __STACK_SIZE
00000f8c   __SWI_lat1beg
00001040   __SWI_lat1end
00001044   __SWI_lat2beg
000010b4   __SWI_lat2end
00000de0   __SWI_lat3beg
00000e4c   __SWI_lat3end
0000a6ec   __TSK_mutex
0000a844   ___TI_enable_exit_profile_output
ffffffff   ___TI_pprof_out_hndl
ffffffff   ___TI_prof_data_size
ffffffff   ___TI_prof_data_start
00007dc0   ___add_dtor
0000a2e8   ___atexit_func_id__
ffffffff   ___binit__
0000b8e0   ___bss__
ffffffff   ___c_args__
00007fa0   ___cinit__
00000000   ___data__
00000000   ___edata__
0000bc3a   ___end__
00007fa0   ___etext__
0000c394   ___pinit__
000043c0   ___text__
00003140   __auto_init
0000a83c   __cleanup_ptr
000043c0   __divd
00004cc0   __divf
0000a840   __dtors_ptr
00007780   __fixdu
00005b60   __frcmpyd_div
000074e0   __frcmpyf_div
0000a848   __lock
00007b20   __mpyll
00007f20   __nop
000075c0   __nround
00007f40   __register_lock
00007f60   __register_unlock
00007bc0   __remu
0000b4e0   __stack
00006f80   __strasgi
00007e80   __trunc
0000a84c   __unlock
000073e0   _atexit
0000af80   _c_int00
000070c0   _call_dtors
0000a73c   _dtors
00006720   _get_sampling_handle
00005890   _init_HWI
0000579c   _init_hardware
00005760   _main
000064e0   _memcpy
00007840   _modf
0000771c   _mono_read_16Bit
000076f4   _mono_write_16Bit
0000bbfc   _rtdxNullChanCnt
0000bc00   _rtdxNullFuncCnt
0000ac70   _rtdx_buffer_state
0000ac90   _rtdx_mon_state
0000bb94   _sampling_freq
00006840   _set_samp_freq
00005ee0   _sin
0000bb98   _sine_freq
0000bb9c   _sine_index
00005928   _sine_init
0000bba8   _sine_phase_ind
000059d8   _sinegen
000076c8   _stereo_read_16Bit
000076a0   _stereo_write_16Bit
00009ee8   _table
00006c80   _wait500nS
ffffffff   binit
00007fa0   cinit
00000000   edata
0000bc3a   end
00007fa0   etext
00000000   hwi0
00000020   hwi1
00000140   hwi10
00000160   hwi11
00000180   hwi12
000001a0   hwi13
000001c0   hwi14
000001e0   hwi15
00000040   hwi2
00000060   hwi3
00000080   hwi4
000000a0   hwi5
000000c0   hwi6
000000e0   hwi7
00000100   hwi8
00000120   hwi9
0000c394   pinit


GLOBAL SYMBOLS: SORTED BY Symbol Address 

address    name
--------   ----
00000000   .data
00000000   BUF$
00000000   CLK_COUNTSPMSHIGH
00000000   CLK_PRDHIGH
00000000   CLK_TDDR
00000000   CLK_TDDRHIGH
00000000   CLK_TIMERNUM
00000000   DEV$
00000000   DGN$
00000000   DHL$
00000000   DHL_gChannelsAvailable
00000000   DIO$
00000000   DIO_NUMSWIBASE
00000000   DIO_NUMTSKBASE
00000000   DIO_STATIC
00000000   DPI$
00000000   GBL_BIGENDIAN
00000000   GBL_C641XL2PRIORITY
00000000   GBL_CACHE
00000000   GBL_L2CONFIGALLOC
00000000   GBL_L2MARMASK1
00000000   GBL_L2MARMASK2
00000000   GBL_L2MARMASK3
00000000   GBL_L2MARMASK4
00000000   GBL_L2MARMASK5
00000000   GBL_L2MODE
00000000   GBL_L2PRIORITY
00000000   GBL_NULL
00000000   GBL_PROCID
00000000   GBL_ROM
00000000   GBL_SUPPORTCSL
00000000   GIO$
00000000   HOOK$
00000000   HOOK_KNLID
00000000   HST_DSM
00000000   HST_NONE
00000000   HWI_A_VECS
00000000   HWI_GENERATE_RESET_VEC
00000000   HWI_INT10$hwi
00000000   HWI_INT11$hwi
00000000   HWI_INT12$hwi
00000000   HWI_INT13$hwi
00000000   HWI_INT14$hwi
00000000   HWI_INT15$hwi
00000000   HWI_INT4$hwi
00000000   HWI_INT5$hwi
00000000   HWI_INT6$hwi
00000000   HWI_INT7$hwi
00000000   HWI_INT8$hwi
00000000   HWI_INT9$hwi
00000000   HWI_NMI$hwi
00000000   HWI_POLARITYMASK
00000000   HWI_RESERVED0$hwi
00000000   HWI_RESERVED1$hwi
00000000   HWI_RESET
00000000   HWI_RESET$hwi
00000000   IDL_busyObj$iB
00000000   IDL_busyObj$operation
00000000   KNL_swi$ord
00000000   KNL_swi$pri
00000000   KNL_swi$sts$unittype
00000000   KNL_swi$swi
00000000   LOG_system$datatype
00000000   LOG_system$log
00000000   MBX$
00000000   MEM_MALLOCSEG
00000000   MEM_NULL
00000000   MEM_SEGZERO
00000000   MEM_USEMPC
00000000   MEM_gNumHeap
00000000   MSGQ$
00000000   MSGQ_USEMSGQ
00000000   OBJ$
00000000   PIP$
00000000   PIP_gNextId
00000000   POOL$
00000000   POOL_USEPOOL
00000000   PRD_A_TABBEG
00000000   PRD_A_TABEND
00000000   PRD_A_TABLEN
00000000   PRD_SWIHANDLE
00000000   RTA_fromHost$hst
00000000   RTA_fromHost$mode
00000000   RTA_toHost$hst
00000000   RTA_toHost$id
00000000   RTDX_MODE
00000000   RTDX_USERTEXECUTION
00000000   SEM$
00000000   SIO$
00000000   SWI_EHOOKFXN
00000000   SWI_IHOOKFXN
00000000   TSK_NUM_HOOKS
00000000   TSK_READYFXN
00000000   TSK_STACKSEG
00000000   TSK_SWITCHFXN
00000000   TSK_idle$ord
00000000   TSK_idle$pri
00000000   TSK_idle$sts$unittype
00000000   TSK_idle$tsk
00000000   UDEV$
00000000   _CLK_TDDR
00000000   _CLK_TIMERNUM
00000000   _GBL_CACHE
00000000   _HWI_RESET
00000000   _MEM_memtab
00000000   _RTDX_interrupt_mask
00000000   ___data__
00000000   ___edata__
00000000   edata
00000000   hwi0
00000001   BUF_ENABLED
00000001   CLK$
00000001   CLK_CALDIV
00000001   CLK_HTIMEDIV
00000001   CLK_LTIMEDIV
00000001   CLK_USETIMER
00000001   GBL$
00000001   GBL_CALLCSLCFGINIT
00000001   GBL_ENABLEINST
00000001   GBL_L2CONFIGURE
00000001   GBL_L2MARMASK
00000001   GBL_USERINIT
00000001   GBL_boot
00000001   HST$
00000001   HST_RTDX
00000001   HWI$
00000001   HWI_NMI
00000001   HWI_ZEROTAB
00000001   IDL$
00000001   IDL_USECLKIDLTIME
00000001   IDL_busyObj$filter
00000001   IDL_busyObj$iA
00000001   IDL_busyObj$iC
00000001   ISRC$
00000001   KNL_swi$dorta
00000001   KNL_swi$sts$filtmaxmult
00000001   KNL_swi$sts$filtsummult
00000001   LCK$
00000001   LOG$
00000001   LOG_A_TABLEN
00000001   LOG_ENABLED
00000001   MEM$
00000001   PRD$
00000001   QUE$
00000001   RTA_fromHost$id
00000001   RTA_toHost$mode
00000001   RTDX$
00000001   RTDX_NORMALIZED_HDR
00000001   RTDX_USERTDX
00000001   STS$
00000001   SWI$
00000001   SWI_A_TABLEN
00000001   SYS$
00000001   TSK$
00000001   TSK_PRIORITY
00000001   TSK_idle$sts$filtmaxmult
00000001   TSK_idle$sts$filtsummult
00000001   _CLK_USETIMER
00000001   _HWI_NMI
00000001   _LOG_A_TABLEN
00000002   HWI_RESERVED0
00000002   IDL_busyObj$unittype
00000002   KNL_swi$sts$filter
00000002   PIP_A_TABLEN
00000002   PIP_gNumEmbed
00000002   TSK_idle$sts$filter
00000002   _HWI_RESERVED0
00000002   _RTDX_JTAGONLY
00000003   HWI_RESERVED1
00000003   _HWI_RESERVED1
00000004   CLK_CALMULT
00000004   CLK_HTIMEMULT
00000004   HWI_INT4
00000004   RTA_fromHost$framesize
00000004   _HWI_INT4
00000005   HWI_INT5
00000005   _HWI_INT5
00000006   HWI_INT6
00000006   IDL_CALIBRERROR
00000006   _HWI_INT6
00000007   HWI_INT7
00000007   _HWI_INT7
00000008   HWI_INT8
00000008   _HWI_INT8
00000009   HWI_INT9
00000009   _HWI_INT9
0000000a   HWI_INT10
0000000a   _HWI_INT10
0000000b   HWI_INT11
0000000b   _HWI_INT11
0000000c   HWI_INT12
0000000c   _HWI_INT12
0000000d   HWI_INT13
0000000d   _HWI_INT13
0000000e   HWI_INT14
0000000e   _HWI_INT14
0000000f   HWI_INT15
0000000f   _HWI_INT15
00000020   CLK_TCR
00000020   hwi1
0000003e   GBL_DSPTYPE
00000040   HST_MAXFRAMESET
00000040   LOG_system$size
00000040   RTA_toHost$framesize
00000040   hwi2
00000042   GBL_FOOTPRINT
00000060   hwi3
00000064   PIP_OBJSIZE
00000080   hwi4
000000a0   hwi5
000000c0   hwi6
000000e0   hwi7
000000ff   HST_MAXFRAMEALLOWED
00000100   hwi8
00000120   hwi9
00000140   hwi10
00000160   hwi11
00000180   hwi12
000001a0   hwi13
000001c0   hwi14
000001e0   hwi15
00000200   LNK_F_checkBufferCall
00000220   LNK_F_getChanPtr
00000278   LNK_F_init
00000280   LNK_F_dataPump
00000294   LNK_rcloop
00000360   LNK_rdrtry
00000370   LNK_rrloop
000003e8   CLK_MICROSECS
00000400   HST_DSMMEMSIZE
00000400   TSK_STACKSIZE
00000400   __STACK_SIZE
00000408   RTDX_BUFMEMSIZE
00000434   LNK_wrrtry
00000444   LNK_wrloop
00000520   LNK_newin
00000660   LNK_newout
000007c4   LNK_F_readCallBack
00000c34   __GBL_setL2CacheMode
00000de0   SWI_F_enable
00000de0   __SWI_lat3beg
00000e4c   __SWI_lat3end
00000e50   SWI_F_post
00000e50   _SWI_post
00000f8c   __SWI_lat1beg
00000ffc   SWI_EXECFXN
00000ffc   SWI_F_exec
00001028   SWI_F_iexec
00001040   __SWI_lat1end
00001044   __SWI_lat2beg
000010b4   __SWI_lat2end
000010b8   SWI_F_run
000010b8   SWI_RUNFXN
00001320   CLK_HOOKFXN
00001320   HWI_F_dispatch
00001320   _HWI_F_dispatch
00001320   __HWI_lat1beg
000014a0   __HWI_lat1end
000014a0   __HWI_lat2beg
000015cc   __HWI_lat2end2
000015fc   __HWI_lat3end2
00001640   __HWI_lat2end1
00001660   __HWI_lat3beg
00001760   __HWI_lat3end1
00001770   GBL_CLKTYPE
00001780   PRD_F_swi
00001a39   GBL_DSPSUBTYPE
00001a40   PRD_F_tick
00001b20   _KNL_run
00001de0   RTA_F_getlog
00001e24   RTA_F_getsts
00001e6c   RTA_F_readblk
00001e8c   RTA_F_writeword
00001e98   RTA_F_resetmem
00001e98   __RTA_lat1beg
00001ed0   __RTA_lat1end
00001ed8   RTA_F_dispatch
00001f28   RTA_execute
000020a0   _SEM_pendEnterKnl
00002226   GBL_L2ALLOC
000025a0   PRD_THOOKFXN
000025a0   _KNL_tick
000025c0   PIP_F_take
00002654   PIP_F_give
00002654   PIP_F_probe
00002728   PIP_F_start
00002800   __SEM_dopost
00002a20   _TSK_setup
00002c20   _KNL_saveIsrFrame
00002cec   _KNL_switch
00002da0   KNL_glue
00002de0   CLK_F_getltime
00002df4   CLK_F_isr
00002f54   CLK_F_itime
00002f54   _CLK_F_itime
00002f54   _CLK_itime
00002f70   __CLK_lat1beg
00002f9c   __CLK_lat1end
00002fa0   _TSK_exit
00003140   __auto_init
00003380   _TSK_startup
00003440   _KNL_check
00003490   __KNL_lat1beg
00003518   _KNL_idle
00003518   __KNL_lat1end
0000353c   _KNL_max
00003580   _GBL_cslCacheInit
00003660   _KNL_exit
000036b4   _KNL_enter
00003740   _SEM_postEnterKnl
00003820   _SEM_post
00003820   _SEM_postBinary
00003900   _CLK_measure
000039e0   _KNL_ipost
00003aa0   _KNL_post
00003b60   _LCK_post
00003b90   _LCK_pend
00003c20   _SYS_exit
00003ce0   CLK_F_getfhtime
00003d00   CLK_F_gethtime
00003d00   CLK_F_getshtime
00003d00   CLK_TIMEFXN
00003da0   FXN_F_nop
00003da8   FXN_F_run
00003da8   _FXN_F_run
00003df8   FXN_F_zero
00003df8   _FXN_F_zero
00003e20   IDL_F_busy
00003e20   __IDL_lat1beg
00003e70   __IDL_lat1end
00003ea0   LOG_F_event
00003ea0   _LOG_event
00003ea0   __LOG_lat1beg
00003f20   STS_F_delta
00003f20   _STS_delta
00003f58   STS_F_add
00003f58   _STS_add
00003f84   STS_F_reset
00003f84   _STS_reset
00003fa0   IDL_F_calibrate
00004000   CLK_INTBIT
00004000   PRD_SCALAR
00004018   HWI_CFGDISPATCHED
00004018   _HWI_CFGDISPATCHED
00004020   _HWI_disable
00004038   _HWI_enable
0000404c   _HWI_restore
00004080   _SEM_pend
000040e0   _SYS_abort
00004140   SYS_PUTCFXN
00004140   _UTL_doPutc
000041a0   _CLK_start
00004200   IDL_CALIBRFXN
00004200   IDL_F_stub
00004240   RTA_F_andn
00004260   RTA_F_or
00004280   SYS_ABORTFXN
00004280   _UTL_doAbort
000042c0   _CLK_stop
00004300   GIO_CREATEFXN
00004300   GIO_DELETEFXN
00004300   GIO_PENDFXN
00004300   GIO_POSTFXN
00004300   TSK_VCREATEFXN
00004300   TSK_VDELETEFXN
00004300   TSK_VEXITFXN
00004300   _FXN_F_nop
00004320   _GBL_getVersion
00004340   IDL_F_loop
00004340   _IDL_loop
00004360   _STS_set
00004380   SYS_ERRORFXN
00004380   _UTL_doError
000043a0   SYS_EXITFXN
000043a0   _UTL_halt
000043c0   .text
000043c0   ___text__
000043c0   __divd
00004cc0   __divf
00004e20   GBL_CLKIN
00005205   GBL_A_VERSION
000052e0   _DSK6713_wait
00005384   _DSK6713_waitusec
000053b8   _DSK6713_rset
000053cc   _DSK6713_rget
00005460   _DSK6713_getVersion
000054b0   _DSK6713_init
00005760   _main
0000579c   _init_hardware
00005890   _init_HWI
00005928   _sine_init
000059d8   _sinegen
00005a78   _ISR_AIC
00005b60   __frcmpyd_div
00005ee0   _sin
00006200   _DSK6713_AIC23_openCodec
000064e0   _memcpy
00006720   _get_sampling_handle
00006840   _set_samp_freq
00006920   _IRQ_map
00006ae0   _MCBSP_reset
00006c80   _wait500nS
00006ca8   GBL_USERINITFXN
00006ca8   _GBL_setPLLto225MHz
00006e00   _DSK6713_AIC23_rset
00006ec8   _DSK6713_AIC23_rget
00006eec   _DSK6713_AIC23_config
00006f80   __strasgi
000070c0   _call_dtors
000071e0   _MCBSP_open
000072e0   _MCBSP_start
000073e0   _atexit
000074e0   __frcmpyf_div
000075c0   __nround
000076a0   _stereo_write_16Bit
000076c8   _stereo_read_16Bit
000076f4   _mono_write_16Bit
0000771c   _mono_read_16Bit
00007780   __fixdu
00007840   _modf
000079c0   _DSK6713_AIC23_setFreq
00007a80   _MCBSP_close
00007b20   __mpyll
00007bc0   __remu
00007d00   _DSK6713_AIC23_closeCodec
00007d80   _IRQ_enable
00007dc0   ___add_dtor
00007e80   __trunc
00007ec0   _IRQ_globalDisable
00007ee0   _IRQ_globalEnable
00007f00   _IRQ_nmiEnable
00007f20   __nop
00007f40   __register_lock
00007f60   __register_unlock
00007f80   __IRQ_hookFetchPacket
00007fa0   ___cinit__
00007fa0   ___etext__
00007fa0   cinit
00007fa0   etext
00009004   LOG_A_TABBEG
00009004   LOG_system
00009004   _LOG_A_TABBEG
00009004   _LOG_system
0000901c   LOG_A_TABEND
0000901c   _LOG_A_TABEND
00009020   _RTDX_Poll
00009420   _RTDX_Buffer_WriteCB
00009a60   _RTDX_Mon_Queue
00009c80   _RTDX_Init_RT_Monitor
00009d00   _RTDX_Buffer_Initialize
00009d60   _RTDX_Buffer_ReadCB
00009dc0   _RTDX_Buffer_Size
00009e00   _RTDX_Final_RT_Monitor
00009e40   _RTDX_Buffer_Read
00009e60   _RTDX_Buffer_Write
00009ea0   _RTDX_Mask_IER
00009ec0   _Config
00009ee8   _table
0000a2e8   ___atexit_func_id__
0000a498   __IRQ_eventTable
0000a51c   __IRQ_intTable
0000a55c   __IRQ_dispatchTable
0000a564   _KNL_queues
0000a604   _KNL_dummy
0000a63c   _TSK_ATTRS
0000a658   _TSK_config
0000a678   _TSK_timerSem
0000a698   _OBJ_table
0000a6d0   _OBJ_segtab
0000a6ec   __TSK_mutex
0000a714   __MEM_mutex
0000a73c   _dtors
0000a7b0   __MCBSP_hDev0
0000a7b4   __MCBSP_hDev1
0000a7e0   _SYS_exitStack
0000a83c   __cleanup_ptr
0000a840   __dtors_ptr
0000a844   ___TI_enable_exit_profile_output
0000a848   __lock
0000a84c   __unlock
0000a860   _RTDX_Buffer
0000ac68   _RTDX_Buffer_Start
0000ac6c   _RTDX_Buffer_End
0000ac70   _rtdx_buffer_state
0000ac7c   _RTDX_writing
0000ac90   _rtdx_mon_state
0000acac   RTA_fromHost$buf
0000acc0   BIOS_init
0000acc0   _BIOS_init
0000ae24   BIOS$$CLKON
0000ae64   BIOS$$CLKOFF
0000aecc   BIOS_start
0000aecc   _BIOS_start
0000af80   _c_int00
0000b040   _TSK_init
0000b0c0   _OBJ_init
0000b0e0   TSK_idle$stack
0000b478   TSK_idle$stkptr
0000b4e0   GBL_stackbeg
0000b4e0   _HWI_STKTOP
0000b4e0   __stack
0000b8d8   _HWI_STKBOTTOM
0000b8df   GBL_stackend
0000b8e0   $bss
0000b8e0   .bss
0000b8e0   _HWI_dispatchTab
0000b8e0   ___bss__
0000b9e0   IDL_D_tabbeg
0000b9e4   IDL_D_calibrate
0000b9e8   IDL_D_calbeg
0000b9ec   LOG_D_system
0000b9ec   _LOG_D_system
0000b9f0   PIP_D_tabbeg
0000b9f4   PIP_D_tablen
0000b9f8   CLK_R_time
0000b9fc   CLK_D_timefxn
0000ba00   CLK_D_tabbeg
0000ba04   CLK_D_isrhook
0000ba08   CLK_D_idletime
0000ba0c   _CLK_htimeDiv
0000ba10   _CLK_htimeMult
0000ba14   _CLK_ltimeDiv
0000ba18   _CLK_ltimeMult
0000ba1c   _CLK_D_dirty
0000ba20   _CLK_D_prd
0000ba24   _CLK_D_tddr
0000ba28   _CLK_D_countspms
0000ba2c   PRD_D_tick
0000ba2c   _PRD_D_tick
0000ba30   PRD_D_cur
0000ba34   PRD_D_elapsed
0000ba38   PRD_D_prevtim
0000ba3c   PRD_D_scalar
0000ba40   PRD_D_swihandle
0000ba44   PRD_D_tabbeg
0000ba48   PRD_D_tablen
0000ba4c   PRD_D_thook
0000ba50   RTA_D_fromHost
0000ba54   RTA_D_toHost
0000ba58   RTA_D_logval
0000ba68   RTA_D_stsval
0000ba74   HST_D_chanmask
0000ba78   HST_D_tabbeg
0000ba7c   HST_D_tabend
0000ba80   _GBL_procId
0000ba84   _GBL_clkIn
0000ba88   _GBL_freq
0000ba8c   _MEM_D_NUMSEGMENTS
0000ba90   _MEM_D_memtab
0000ba94   _MEM_D_freelist
0000ba98   _MEM_D_lockaddr
0000ba9c   _MEM_D_unlockaddr
0000baa0   _SYS
0000baa4   __HOOK_knlId
0000baa8   __HOOK_NUMHOOKS
0000baac   SWI_D_runaddr
0000baac   _SWI_D_runaddr
0000baac   _SWI_data
0000bab0   SWI_D_execaddr
0000bab0   _SWI_D_execaddr
0000bab4   SWI_D_curmask
0000bab4   _SWI_D_curmask
0000bab8   SWI_D_curset
0000bab8   _SWI_D_curset
0000babc   SWI_D_lock
0000babc   _SWI_D_lock
0000bac0   SWI_D_curmbox
0000bac4   SWI_D_curfxn
0000bac4   _SWI_D_curfxn
0000bac8   SWI_D_rdybeg
0000bac8   _SWI_D_rdybeg
0000bacc   SWI_D_inswi
0000bacc   _SWI_D_inswi
0000bad0   SWI_D_rdytab
0000bb48   _KNL_wFlag
0000bb4c   _KNL_wList
0000bb50   _KNL_alarm
0000bb54   _KNL_setpri
0000bb58   _KNL_inactive
0000bb5c   _KNL_priority
0000bb60   _KNL_set
0000bb64   _KNL_curtask
0000bb68   _KNL_prevtask
0000bb6c   _KNL_curtime
0000bb70   _KNL_swiptr
0000bb74   _KNL_curqueue
0000bb78   _KNL_maxqueue
0000bb7c   _KNL_tswitchfxn
0000bb80   _KNL_tcreatefxn
0000bb84   _KNL_tdeletefxn
0000bb88   _KNL_treadyfxn
0000bb8c   _KNL_idlefxn
0000bb90   _H_Codec
0000bb94   _sampling_freq
0000bb98   _sine_freq
0000bb9c   _sine_index
0000bba0   _L_Gain
0000bba4   _R_Gain
0000bba8   _sine_phase_ind
0000bbac   HWI_D_spsave
0000bbac   _HWI_D_spsave
0000bbac   _HWI_data
0000bbb8   _HWI_D_inhwi
0000bbbc   HWI_D_bss
0000bbc0   HWI_D_ccmask
0000bbc4   RTA_fromHost$pipe$dtab
0000bbd0   RTA_toHost$pipe$dtab
0000bbdc   LNK_dspFrameRequestMask
0000bbdc   _LNK_dspFrameRequestMask
0000bbe0   LNK_dspFrameReadyMask
0000bbe0   _LNK_dspFrameReadyMask
0000bbe4   LNK_readPend
0000bbe4   _LNK_readPend
0000bbe8   LNK_readDone
0000bbe8   _LNK_readDone
0000bbec   LNK_readFail
0000bbec   _LNK_readFail
0000bbf0   LNK_writeFail
0000bbf0   _LNK_writeFail
0000bbfc   _rtdxNullChanCnt
0000bc00   _rtdxNullFuncCnt
0000bc04   _TSK_nTasks
0000bc08   _TSK_pid
0000bc0c   _TSK
0000bc10   _CLK_DFLTMICROSECS
0000bc14   _CLK_D_microseconds
0000bc18   _SYS_exitStackPtr
0000bc1c   _SYS_exitStackTop
0000bc20   _DSK6713_AIC23_codeccontrolhandle
0000bc24   _DSK6713_AIC23_codecdatahandle
0000bc28   _CLK_htimePerLtime
0000bc30   IDL_D_busyObj
0000bc38   _DSK6713_version
0000bc3a   ___end__
0000bc3a   end
0000bc3c   _SYS_PUTCBEG
0000be3b   _SYS_PUTCEND
0000be48   TSK_idle
0000be48   _TSK_idle
0000bedc   IDL_A_TABBEG
0000bedc   IDL_cpuLoad
0000bedc   _IDL_cpuLoad
0000bee0   LNK_dataPump
0000bee0   _LNK_dataPump
0000bee4   RTA_dispatcher
0000bee4   _RTA_dispatcher
0000bee8   IDL_END
0000beec   IDL_A_CALBEG
0000beec   IDL_cpuLoad$
0000bef0   LNK_dataPump$
0000bef4   RTA_dispatcher$
0000bef8   IDL_END$
0000bf00   LOG_system$buf
0000c000   RTA_toHost$buf
0000c1f9   KNL_swi$sts$maxfmt
0000c1fc   PIP_A_TABBEG
0000c1fc   RTA_fromHost$pipe
0000c1fc   _PIP_A_TABBEG
0000c200   RTA_fromHost$pipe$rd
0000c201   KNL_swi$sts$sumfmt
0000c209   KNL_swi$sts$avgfmt
0000c213   TSK_idle$sts$maxfmt
0000c21b   TSK_idle$sts$sumfmt
0000c223   TSK_idle$sts$avgfmt
0000c22c   RTA_fromHost$pipe$aaa
0000c22d   IDL_busyObj$maxfmt
0000c230   IDL_busyObj$sumfmt
0000c230   RTA_fromHost$pipe$wr
0000c233   IDL_busyObj$avgfmt
0000c25c   RTA_fromHost$pipe$bbb
0000c260   RTA_toHost$pipe
0000c264   RTA_toHost$pipe$rd
0000c290   RTA_toHost$pipe$aaa
0000c294   RTA_toHost$pipe$wr
0000c2c0   RTA_toHost$pipe$bbb
0000c2c4   HST_A_TABBEG
0000c2c4   PIP_A_TABEND
0000c2c4   _HST_A_TABBEG
0000c2c4   _PIP_A_TABEND
0000c2c8   RTA_fromHost
0000c2c8   _RTA_fromHost
0000c2d0   RTA_fromHost$rtdx
0000c2e4   RTA_toHost
0000c2e4   _RTA_toHost
0000c2ec   RTA_toHost$rtdx
0000c300   HST_A_TABEND
0000c300   KNL_swi$sts$stsobj
0000c300   STS_A_TABBEG
0000c300   _HST_A_TABEND
0000c300   _STS_A_TABBEG
0000c304   KNL_swi$sts
0000c310   TSK_idle$sts$stsobj
0000c314   TSK_idle$sts
0000c320   IDL_busyObj$stsobj
0000c324   IDL_busyObj
0000c324   _IDL_busyObj
0000c330   KNL_swi
0000c330   STS_A_TABEND
0000c330   SWI_A_TABBEG
0000c330   _KNL_swi
0000c330   _STS_A_TABEND
0000c35c   SWI_A_TABEND
0000c384   SYS$config
0000c394   ___pinit__
0000c394   pinit
0000c3a0   TRC_cinit
0000c3a4   TRC_R_mask
0000c3a4   _TRC_R_mask
0000c3a8   GBL_initdone
0000c3ac   CLK_A_TABBEG
0000c3ac   PRD_clock
0000c3ac   _PRD_clock
0000c3b0   CLK_null
0000dbba   CLK_COUNTSPMS
0000dbba   CLK_HTIMEPERLTIME
0000dbba   CLK_PRD
0000dbba   _CLK_COUNTSPMS
0000dbba   _CLK_PRD
0000dbef   GBL_TRCMASKVALUE
00036ee8   CLK_LTIMEMULT
00036ee8   GBL_FREQ
01940000   CLK_REGS
01940000   _CLK_REGS
082039a3   HWI_INTRMULTHIGH
310718ae   HWI_INTRMULTLOW
ffffffff   HST_DSMBUFSEG
ffffffff   IRAM
ffffffff   RTDX_DATAMEMSEG
ffffffff   SDRAM
ffffffff   _IRAM
ffffffff   _SDRAM
ffffffff   ___TI_pprof_out_hndl
ffffffff   ___TI_prof_data_size
ffffffff   ___TI_prof_data_start
ffffffff   ___binit__
ffffffff   ___c_args__
ffffffff   binit

[737 symbols]
